{
  "categories": [
    [
      "test-pass",
      {
        "Plain": [
          {
            "name": "build-pass (local)",
            "res": "test-pass",
            "runs": [
              {
                "log": "stable/local/build-pass",
                "res": 0
              },
              {
                "log": "beta/local/build-pass",
                "res": 0
              }
            ],
            "url": "https://github.com/rust-lang/crater/tree/master/local-crates/build-pass"
          },
          {
            "name": "memory-hungry (local)",
            "res": "test-pass",
            "runs": [
              {
                "log": "stable/local/memory-hungry",
                "res": 0
              },
              {
                "log": "beta/local/memory-hungry",
                "res": 0
              }
            ],
            "url": "https://github.com/rust-lang/crater/tree/master/local-crates/memory-hungry"
          }
        ]
      }
    ]
  ],
  "comparison_colors": {
    "test-pass": {
      "Single": "#72a156"
    }
  },
  "crates_count": 2,
  "full": true,
  "info": {
    "test-pass": 2
  },
  "nav": [
    {
      "active": false,
      "label": "Summary",
      "url": "index.html"
    },
    {
      "active": true,
      "label": "Full report",
      "url": "full.html"
    },
    {
      "active": false,
      "label": "Downloads",
      "url": "downloads.html"
    }
  ],
  "result_colors": [
    {
      "Single": "#62a156"
    }
  ],
  "result_names": [
    "test passed"
  ]
}
