{
  "categories": [],
  "comparison_colors": {},
  "crates_count": 2,
  "full": false,
  "info": {
    "test-pass": 2
  },
  "nav": [
    {
      "active": true,
      "label": "Summary",
      "url": "index.html"
    },
    {
      "active": false,
      "label": "Full report",
      "url": "full.html"
    },
    {
      "active": false,
      "label": "Downloads",
      "url": "downloads.html"
    }
  ],
  "result_colors": [],
  "result_names": []
}
