{
  "categories": [],
  "crates_count": 2,
  "full": false,
  "info": {
    "test-pass": 2
  }
}
